Resolving dependencies...
Build profile: -w ghc-9.10.2 -O1
In order, the following will be built (use -v for more details):
 - tasty-discover-5.0.2 (test:tasty-discover-test) (file test/Driver.hs changed)
Preprocessing test suite 'tasty-discover-test' for tasty-discover-5.0.2...
Building test suite 'tasty-discover-test' for tasty-discover-5.0.2...
[ 2 of 10] Compiling ConfigTest       ( test/ConfigTest.hs, dist-newstyle/build/aarch64-osx/ghc-9.10.2/tasty-discover-5.0.2/t/tasty-discover-test/build/tasty-discover-test/tasty-discover-test-tmp/ConfigTest.o ) [Source file changed]
